// Jest Snapshot v1, https://goo.gl/fbAQLP

exports[`Navbar Snapshot 1`] = `
<View
  style={
    Object {
      "flex": 1,
    }
  }
>
  <RCTSafeAreaView
    emulateUnlessSupported={true}
    style={
      Object {
        "flex": 1,
      }
    }
  >
    <View
      appearance="default"
      style={
        Array [
          Object {
            "backgroundColor": "#FFFFFF",
            "minHeight": 56,
            "paddingHorizontal": 8,
            "paddingVertical": 8,
          },
          Object {
            "alignItems": "center",
            "flexDirection": "row",
          },
          Object {
            "justifyContent": "space-between",
          },
          undefined,
        ]
      }
    >
      <View
        style={
          Object {
            "flexDirection": "row",
            "zIndex": 1,
          }
        }
      />
      <View
        style={
          Object {
            "alignItems": "center",
            "bottom": 0,
            "justifyContent": "center",
            "left": 0,
            "position": "absolute",
            "right": 0,
            "top": 0,
          }
        }
      >
        <Text
          appearance="default"
          category="p1"
          style={
            Array [
              Object {
                "color": "#222B45",
                "fontFamily": "System",
                "fontSize": 15,
                "fontWeight": "400",
              },
              Object {
                "color": "#222B45",
                "fontFamily": "System",
                "fontSize": 15,
                "fontWeight": "600",
                "textAlign": "center",
              },
            ]
          }
        >
          Sample Title
        </Text>
      </View>
      <View
        style={
          Array [
            Object {
              "flexDirection": "row",
              "zIndex": 1,
            },
            undefined,
          ]
        }
      />
    </View>
    <View
      appearance="default"
      style={
        Array [
          Object {
            "backgroundColor": "#EDF1F7",
            "height": 1,
          },
          undefined,
        ]
      }
    />
  </RCTSafeAreaView>
</View>
`;
